// Jest Snapshot v1, https://goo.gl/fbAQLP

exports[`Testing of Scroll Component should render the component 1`] = `<div />`;
